<html>
<body>
<pre>
<h1>µVision Build Log</h1>
<h2>Tool Versions:</h2>
IDE-Version: ¦ÌVision V5.43.1.0
Copyright (C) 2025 ARM Ltd and ARM Germany GmbH. All rights reserved.
License Information: 1 1, 1, LIC=CZLZX-HYYPL-ARJXW-Q0N47-9ZMPJ-08W61
 
Tool Versions:
Toolchain:       MDK-ARM Plus  Version: 5.43.0.0
Toolchain Path:  D:\keil5\ARM\ARMCLANG\Bin
C Compiler:      ArmClang.exe V6.24
Assembler:       Armasm.exe V6.24
Linker/Locator:  ArmLink.exe V6.24
Library Manager: ArmAr.exe V6.24
Hex Converter:   FromElf.exe V6.24
CPU DLL:         SARMCM3.DLL V5.43.0.0
Dialog DLL:      DARMCM1.DLL V1.19.6.0
Target DLL:      CMSIS_AGDI.dll V1.33.24.0
Dialog DLL:      TARMCM1.DLL V1.14.6.0
 
<h2>Project:</h2>
D:\stm32project\MSPM0G3507\mspm0_sdk_2_08_00_03\examples\nortos\LP_MSPM0G3507\driverlib\dac12-19\keil\dac12_dma_sampletimegen_LP_MSPM0G3507_nortos_keil.uvprojx
Project File Date:  11/27/2025

<h2>Output:</h2>
*** Using Compiler 'V6.24', folder: 'D:\keil5\ARM\ARMCLANG\Bin'
Build target 'dac12_dma_sampletimegen_LP_MSPM0G3507_nortos_keil'
Before Build - User command #1: cmd.exe /C "D:\stm32project\MSPM0G3507\mspm0_sdk_2_08_00_03\examples\nortos\LP_MSPM0G3507\driverlib\dac12-19\keil\../../../../../../tools/keil/syscfg.bat 'D:\stm32project\MSPM0G3507\mspm0_sdk_2_08_00_03\examples\nortos\LP_MSPM0G3507\driverlib\dac12-19\keil\' dac12_dma_sampletimegen.syscfg"
Couldn't find Sysconfig Tool "C:\ti\sysconfig_1.25.0\sysconfig_cli.bat"
"Update the file located at <sdk path>/tools/keil/syscfg.bat"
compiling ti_msp_dl_config.c...
linking...
Program Size: Code=2256 RO-data=672 RW-data=20 ZI-data=548  
FromELF: creating hex file...
".\Objects\dac12_dma_sampletimegen_LP_MSPM0G3507_nortos_keil.axf" - 0 Error(s), 0 Warning(s).

<h2>Software Packages used:</h2>

Package Vendor: TexasInstruments
                https://software-dl.ti.com/msp430/esd/MSPM0-CMSIS/MSPM0G1X0X_G3X0X/latest/exports/TexasInstruments.MSPM0G1X0X_G3X0X_DFP.1.3.1.pack
                TexasInstruments::MSPM0G1X0X_G3X0X_DFP@1.3.1
                Device Family Pack for Texas Instruments MSPM0G1X0X_G3X0X Series

<h2>Collection of Component include folders:</h2>

<h2>Collection of Component Files used:</h2>
Build Time Elapsed:  00:00:00
</pre>
</body>
</html>
